// Jest Snapshot v1, https://goo.gl/fbAQLP

exports[`App principal screen renders correctly 1`] = `
<RCTSafeAreaView>
  <View
    style={
      Object {
        "paddingHorizontal": 30,
        "paddingVertical": 30,
      }
    }
  >
    <TextInput
      onChangeText={[Function]}
      style={
        Object {
          "borderColor": "#808080",
          "borderWidth": 2,
          "marginBottom": 5,
        }
      }
      value=""
    />
    <View
      accessibilityRole="button"
      accessibilityState={
        Object {
          "disabled": true,
        }
      }
      accessible={true}
      collapsable={false}
      focusable={true}
      onClick={[Function]}
      onResponderGrant={[Function]}
      onResponderMove={[Function]}
      onResponderRelease={[Function]}
      onResponderTerminate={[Function]}
      onResponderTerminationRequest={[Function]}
      onStartShouldSetResponder={[Function]}
      style={
        Object {
          "opacity": 1,
        }
      }
    >
      <View
        style={
          Array [
            Object {},
            Object {},
          ]
        }
      >
        <Text
          disabled={true}
          style={
            Array [
              Object {
                "color": "#007AFF",
                "fontSize": 18,
                "margin": 8,
                "textAlign": "center",
              },
              Object {
                "color": "#cdcdcd",
              },
            ]
          }
        >
          Validate Text
        </Text>
      </View>
    </View>
  </View>
</RCTSafeAreaView>
`;
